[    0.000000] Initializing cgroup subsys cpuset
[    0.000000] Initializing cgroup subsys cpu
[    0.000000] Initializing cgroup subsys cpuacct
[    0.000000] Linux version 4.4.0-210-generic (buildd@lgw01-amd64-009) (gcc version 5.4.0 20160609 (Ubuntu 5.4.0-6ubuntu1~16.04.12) ) #242-Ubuntu SMP Fri Apr 16 09:57:56 UTC 2021 (Ubuntu 4.4.0-210.242-generic 4.4.262)
[    0.000000] Command line: BOOT_IMAGE=/boot/vmlinuz-4.4.0-210-generic root=LABEL=cloudimg-rootfs ro console=tty1 console=ttyS0
[    0.000000] KERNEL supported cpus:
[    0.000000]   Intel GenuineIntel
[    0.000000]   AMD AuthenticAMD
[    0.000000]   Centaur CentaurHauls
[    0.000000] x86/fpu: Legacy x87 FPU detected.
[    0.000000] e820: BIOS-provided physical RAM map:
[    0.000000] BIOS-e820: [mem 0x0000000000000000-0x000000000009fbff] usable
[    0.000000] BIOS-e820: [mem 0x000000000009fc00-0x000000000009ffff] reserved
[    0.000000] BIOS-e820: [mem 0x00000000000f0000-0x00000000000fffff] reserved
[    0.000000] BIOS-e820: [mem 0x0000000000100000-0x000000007ffeffff] usable
[    0.000000] BIOS-e820: [mem 0x000000007fff0000-0x000000007fffffff] ACPI data
[    0.000000] BIOS-e820: [mem 0x00000000fec00000-0x00000000fec00fff] reserved
[    0.000000] BIOS-e820: [mem 0x00000000fee00000-0x00000000fee00fff] reserved
[    0.000000] BIOS-e820: [mem 0x00000000fffc0000-0x00000000ffffffff] reserved
[    0.000000] NX (Execute Disable) protection: active
[    0.000000] SMBIOS 2.5 present.
[    0.000000] Hypervisor detected: KVM
[    0.000000] Kernel/User page tables isolation: disabled
[    0.000000] e820: last_pfn = 0x7fff0 max_arch_pfn = 0x400000000
[    0.000000] MTRR: Disabled
[    0.000000] x86/PAT: MTRRs disabled, skipping PAT initialization too.
[    0.000000] CPU MTRRs all blank - virtualized system.
[    0.000000] x86/PAT: Configuration [0-7]: WB  WT  UC- UC  WB  WT  UC- UC  
[    0.000000] found SMP MP-table at [mem 0x0009fff0-0x0009ffff] mapped at [ffff88000009fff0]
[    0.000000] Scanning 1 areas for low memory corruption
[    0.000000] RAMDISK: [mem 0x362dc000-0x37165fff]
[    0.000000] ACPI: Early table checksum verification disabled
[    0.000000] ACPI: RSDP 0x00000000000E0000 000024 (v02 VBOX  )
[    0.000000] ACPI: XSDT 0x000000007FFF0030 00003C (v01 VBOX   VBOXXSDT 00000001 ASL  00000061)
[    0.000000] ACPI: FACP 0x000000007FFF00F0 0000F4 (v04 VBOX   VBOXFACP 00000001 ASL  00000061)
[    0.000000] ACPI: DSDT 0x000000007FFF0470 002325 (v02 VBOX   VBOXBIOS 00000002 INTL 20100528)
[    0.000000] ACPI: FACS 0x000000007FFF0200 000040
[    0.000000] ACPI: FACS 0x000000007FFF0200 000040
[    0.000000] ACPI: APIC 0x000000007FFF0240 00005C (v02 VBOX   VBOXAPIC 00000001 ASL  00000061)
[    0.000000] ACPI: SSDT 0x000000007FFF02A0 0001CC (v01 VBOX   VBOXCPUT 00000002 INTL 20100528)
[    0.000000] No NUMA configuration found
[    0.000000] Faking a node at [mem 0x0000000000000000-0x000000007ffeffff]
[    0.000000] NODE_DATA(0) allocated [mem 0x7ffeb000-0x7ffeffff]
[    0.000000] kvm-clock: Using msrs 4b564d01 and 4b564d00
[    0.000000] kvm-clock: cpu 0, msr 0:7ffe3001, primary cpu clock
[    0.000000] kvm-clock: using sched offset of 5569774009 cycles
[    0.000000] clocksource: kvm-clock: mask: 0xffffffffffffffff max_cycles: 0x1cd42e4dffb, max_idle_ns: 881590591483 ns
[    0.000000] Zone ranges:
[    0.000000]   DMA      [mem 0x0000000000001000-0x0000000000ffffff]
[    0.000000]   DMA32    [mem 0x0000000001000000-0x000000007ffeffff]
[    0.000000]   Normal   empty
[    0.000000]   Device   empty
[    0.000000] Movable zone start for each node
[    0.000000] Early memory node ranges
[    0.000000]   node   0: [mem 0x0000000000001000-0x000000000009efff]
[    0.000000]   node   0: [mem 0x0000000000100000-0x000000007ffeffff]
[    0.000000] Initmem setup node 0 [mem 0x0000000000001000-0x000000007ffeffff]
[    0.000000] ACPI: PM-Timer IO Port: 0x4008
[    0.000000] IOAPIC[0]: apic_id 2, version 32, address 0xfec00000, GSI 0-23
[    0.000000] ACPI: INT_SRC_OVR (bus 0 bus_irq 0 global_irq 2 dfl dfl)
[    0.000000] ACPI: INT_SRC_OVR (bus 0 bus_irq 9 global_irq 9 low level)
[    0.000000] Using ACPI (MADT) for SMP configuration information
[    0.000000] smpboot: Allowing 2 CPUs, 0 hotplug CPUs
[    0.000000] PM: Registered nosave memory: [mem 0x00000000-0x00000fff]
[    0.000000] PM: Registered nosave memory: [mem 0x0009f000-0x0009ffff]
[    0.000000] PM: Registered nosave memory: [mem 0x000a0000-0x000effff]
[    0.000000] PM: Registered nosave memory: [mem 0x000f0000-0x000fffff]
[    0.000000] e820: [mem 0x80000000-0xfebfffff] available for PCI devices
[    0.000000] Booting paravirtualized kernel on KVM
[    0.000000] clocksource: refined-jiffies: mask: 0xffffffff max_cycles: 0xffffffff, max_idle_ns: 7645519600211568 ns
[    0.000000] setup_percpu: NR_CPUS:512 nr_cpumask_bits:512 nr_cpu_ids:2 nr_node_ids:1
[    0.000000] PERCPU: Embedded 33 pages/cpu @ffff88007fc00000 s95192 r8192 d31784 u1048576
[    0.000000] Built 1 zonelists in Node order, mobility grouping on.  Total pages: 515960
[    0.000000] Policy zone: DMA32
[    0.000000] Kernel command line: BOOT_IMAGE=/boot/vmlinuz-4.4.0-210-generic root=LABEL=cloudimg-rootfs ro console=tty1 console=ttyS0
[    0.000000] PID hash table entries: 4096 (order: 3, 32768 bytes)
[    0.000000] Memory: 2029984K/2096696K available (8644K kernel code, 1332K rwdata, 4044K rodata, 1492K init, 1164K bss, 66712K reserved, 0K cma-reserved)
[    0.000000] SLUB: HWalign=64, Order=0-3, MinObjects=0, CPUs=2, Nodes=1
[    0.000000] Hierarchical RCU implementation.
[    0.000000] 	Build-time adjustment of leaf fanout to 64.
[    0.000000] 	RCU restricting CPUs from NR_CPUS=512 to nr_cpu_ids=2.
[    0.000000] RCU: Adjusting geometry for rcu_fanout_leaf=64, nr_cpu_ids=2
[    0.000000] NR_IRQS:33024 nr_irqs:440 16
[    0.000000] Console: colour VGA+ 80x25
[    0.000000] console [tty1] enabled
[    0.000000] console [ttyS0] enabled
[    0.000000] tsc: Detected 1992.005 MHz processor
[    1.618256] Calibrating delay loop (skipped) preset value.. 3984.01 BogoMIPS (lpj=7968020)
[    1.634643] pid_max: default: 32768 minimum: 301
[    1.647748] ACPI: Core revision 20150930
[    1.657749] ACPI: 2 ACPI AML tables successfully acquired and loaded
[    1.679671] Security Framework initialized
[    1.692577] Yama: becoming mindful.
[    1.703695] AppArmor: AppArmor initialized
[    1.712043] Dentry cache hash table entries: 262144 (order: 9, 2097152 bytes)
[    1.748808] Inode-cache hash table entries: 131072 (order: 8, 1048576 bytes)
[    1.779627] Mount-cache hash table entries: 4096 (order: 3, 32768 bytes)
[    1.796588] Mountpoint-cache hash table entries: 4096 (order: 3, 32768 bytes)
[    1.813543] Initializing cgroup subsys io
[    1.822466] Initializing cgroup subsys memory
[    1.834289] Initializing cgroup subsys devices
[    1.845643] Initializing cgroup subsys freezer
[    1.855848] Initializing cgroup subsys net_cls
[    1.864510] Initializing cgroup subsys perf_event
[    1.875873] Initializing cgroup subsys net_prio
[    1.888133] Initializing cgroup subsys hugetlb
[    1.896925] Initializing cgroup subsys pids
[    1.909486] mce: CPU supports 0 MCE banks
[    1.917689] Last level iTLB entries: 4KB 64, 2MB 8, 4MB 8
[    1.928344] Last level dTLB entries: 4KB 64, 2MB 0, 4MB 0, 1GB 4
[    1.945258] Spectre V1 : Mitigation: usercopy/swapgs barriers and __user pointer sanitization
[    1.960119] Spectre V2 : Mitigation: Enhanced IBRS
[    1.971572] Spectre V2 : Spectre v2 / SpectreRSB mitigation: Filling RSB on context switch
[    1.991506] Speculative Store Bypass: Vulnerable
[    2.001949] MDS: Mitigation: Clear CPU buffers
[    2.076208] Freeing SMP alternatives memory: 36K
[    2.228678] ftrace: allocating 32380 entries in 127 pages
[    3.463250] smpboot: APIC(0) Converting physical 0 to logical package 0
[    3.480689] smpboot: Max logical packages: 1
[    3.524628] ..TIMER: vector=0x30 apic1=0 pin1=2 apic2=-1 pin2=-1
[    3.644868] smpboot: CPU0: Intel(R) Core(TM) i7-8565U CPU @ 1.80GHz (family: 0x6, model: 0x8e, stepping: 0xc)
[    3.666834] Performance Events: unsupported p6 CPU model 142 no PMU driver, software events only.
[    3.958008] KVM setup paravirtual spinlock
[    3.971351] x86: Booting SMP configuration:
[    3.978958] .... node  #0, CPUs:      #1
[    3.993395] kvm-clock: cpu 1, msr 0:7ffe3041, secondary cpu clock
[    4.015600] mce: CPU supports 0 MCE banks
[    4.024564] TSC synchronization [CPU#0 -> CPU#1]:
[    4.033309] Measured 72018 cycles TSC warp between CPUs, turning off TSC clock.
[    4.046313] tsc: Marking TSC unstable due to check_tsc_sync_source failed
[    0.796062] x86: Booted up 1 node, 2 CPUs
[    0.800012] smpboot: Total of 2 processors activated (7968.02 BogoMIPS)
[    0.824736] devtmpfs: initialized
[    0.836594] evm: security.selinux
[    0.840008] evm: security.SMACK64
[    0.844025] evm: security.SMACK64EXEC
[    0.848008] evm: security.SMACK64TRANSMUTE
[    0.852011] evm: security.SMACK64MMAP
[    0.856008] evm: security.ima
[    0.860009] evm: security.capability
[    0.872629] clocksource: jiffies: mask: 0xffffffff max_cycles: 0xffffffff, max_idle_ns: 7645041785100000 ns
[    0.880040] futex hash table entries: 512 (order: 3, 32768 bytes)
[    0.888735] pinctrl core: initialized pinctrl subsystem
[    0.896675] RTC time:  1:27:01, date: 08/11/21
[    0.901930] NET: Registered protocol family 16
[    0.916026] cpuidle: using governor ladder
[    0.936031] cpuidle: using governor menu
[    0.940034] PCCT header not found.
[    0.944220] ACPI: bus type PCI registered
[    0.948008] acpiphp: ACPI Hot Plug PCI Controller Driver version: 0.5
[    0.956658] PCI: Using configuration type 1 for base access
[    1.000191] ACPI: Added _OSI(Module Device)
[    1.004008] ACPI: Added _OSI(Processor Device)
[    1.008010] ACPI: Added _OSI(3.0 _SCP Extensions)
[    1.012009] ACPI: Added _OSI(Processor Aggregator Device)
[    1.022036] ACPI: Executed 1 blocks of module-level executable AML code
[    1.052175] ACPI: Interpreter enabled
[    1.056038] ACPI: (supports S0 S5)
[    1.060009] ACPI: Using IOAPIC for interrupt routing
[    1.064714] PCI: Using host bridge windows from ACPI; if necessary, use "pci=nocrs" and report a bug
[    1.097011] ACPI: PCI Root Bridge [PCI0] (domain 0000 [bus 00-ff])
[    1.100021] acpi PNP0A03:00: _OSC: OS supports [ASPM ClockPM Segments MSI]
[    1.108543] acpi PNP0A03:00: _OSC: not requesting OS control; OS requires [ExtendedConfig ASPM ClockPM MSI]
[    1.112029] acpi PNP0A03:00: fail to add MMCONFIG information, can't access extended PCI configuration space under this bridge.
[    1.120684] PCI host bridge to bus 0000:00
[    1.124014] pci_bus 0000:00: root bus resource [io  0x0000-0x0cf7 window]
[    1.128014] pci_bus 0000:00: root bus resource [io  0x0d00-0xffff window]
[    1.132013] pci_bus 0000:00: root bus resource [mem 0x000a0000-0x000bffff window]
[    1.136015] pci_bus 0000:00: root bus resource [mem 0x80000000-0xfdffffff window]
[    1.140013] pci_bus 0000:00: root bus resource [bus 00-ff]
[    1.161651] pci 0000:00:01.1: legacy IDE quirk: reg 0x10: [io  0x01f0-0x01f7]
[    1.168016] pci 0000:00:01.1: legacy IDE quirk: reg 0x14: [io  0x03f6]
[    1.172013] pci 0000:00:01.1: legacy IDE quirk: reg 0x18: [io  0x0170-0x0177]
[    1.176011] pci 0000:00:01.1: legacy IDE quirk: reg 0x1c: [io  0x0376]
[    1.285826] pci 0000:00:07.0: quirk: [io  0x4000-0x403f] claimed by PIIX4 ACPI
[    1.336150] pci 0000:00:07.0: quirk: [io  0x4100-0x410f] claimed by PIIX4 SMB
[    1.421229] ACPI: PCI Interrupt Link [LNKA] (IRQs 5 9 10 *11)
[    1.533066] ACPI: PCI Interrupt Link [LNKB] (IRQs 5 9 *10 11)
[    1.576383] ACPI: PCI Interrupt Link [LNKC] (IRQs 5 *9 10 11)
[    1.620677] ACPI: PCI Interrupt Link [LNKD] (IRQs 5 9 10 *11)
[    1.660602] ACPI: Enabled 2 GPEs in block 00 to 07
[    1.684597] vgaarb: setting as boot device: PCI:0000:00:02.0
[    1.688000] vgaarb: device added: PCI:0000:00:02.0,decodes=io+mem,owns=io+mem,locks=none
[    1.736012] vgaarb: loaded
[    1.748008] vgaarb: bridge control possible 0000:00:02.0
[    1.769026] SCSI subsystem initialized
[    1.788500] ACPI: bus type USB registered
[    1.804054] usbcore: registered new interface driver usbfs
[    1.824077] usbcore: registered new interface driver hub
[    1.844037] usbcore: registered new device driver usb
[    1.868273] PCI: Using ACPI for IRQ routing
[    1.885599] NetLabel: Initializing
[    1.900008] NetLabel:  domain hash size = 128
[    1.916012] NetLabel:  protocols = UNLABELED CIPSOv4
[    1.944038] NetLabel:  unlabeled traffic allowed by default
[    1.968229] amd_nb: Cannot enumerate AMD northbridges
[    1.991106] clocksource: Switched to clocksource kvm-clock
[    2.141238] AppArmor: AppArmor Filesystem Enabled
[    2.153335] pnp: PnP ACPI init
[    2.165037] pnp: PnP ACPI: found 3 devices
[    2.188882] clocksource: acpi_pm: mask: 0xffffff max_cycles: 0xffffff, max_idle_ns: 2085701024 ns
[    2.210621] NET: Registered protocol family 2
[    2.225233] TCP established hash table entries: 16384 (order: 5, 131072 bytes)
[    2.241626] TCP bind hash table entries: 16384 (order: 6, 262144 bytes)
[    2.258695] TCP: Hash tables configured (established 16384 bind 16384)
[    2.274461] UDP hash table entries: 1024 (order: 3, 32768 bytes)
[    2.289008] UDP-Lite hash table entries: 1024 (order: 3, 32768 bytes)
[    2.302423] NET: Registered protocol family 1
[    2.312570] pci 0000:00:00.0: Limiting direct PCI/PCI transfers
[    2.324554] pci 0000:00:01.0: Activating ISA DMA hang workarounds
[    2.338195] Unpacking initramfs...
[    3.503237] Freeing initrd memory: 14888K
[    3.503237] clocksource: tsc: mask: 0xffffffffffffffff max_cycles: 0x396d5b41a85, max_idle_ns: 881590480540 ns
[    3.503237] platform rtc_cmos: registered platform RTC device (no PNP device found)
[    3.503237] Scanning for low memory corruption every 60 seconds
[    3.641114] audit: initializing netlink subsys (disabled)
[    3.658445] audit: type=2000 audit(1628645229.127:1): initialized
[    3.677657] Initialise system trusted keyring
[    3.697579] HugeTLB registered 2 MB page size, pre-allocated 0 pages
[    3.714853] zbud: loaded
[    3.724421] VFS: Disk quotas dquot_6.6.0
[    3.736061] VFS: Dquot-cache hash table entries: 512 (order 0, 4096 bytes)
[    3.739835] squashfs: version 4.0 (2009/01/31) Phillip Lougher
[    3.775042] fuse init (API version 7.23)
[    3.785283] Key type big_key registered
[    3.793905] Allocating IMA MOK and blacklist keyrings.
[    3.837718] Key type asymmetric registered
[    3.846366] Asymmetric key parser 'x509' registered
[    3.856234] Block layer SCSI generic (bsg) driver version 0.4 loaded (major 249)
[    3.873532] io scheduler noop registered
[    3.881741] io scheduler deadline registered (default)
[    3.892297] io scheduler cfq registered
[    3.896115] pci_hotplug: PCI Hot Plug PCI Core version: 0.5
[    3.896115] pciehp: PCI Express Hot Plug Controller Driver version: 0.4
[    3.896115] ACPI: AC Adapter [AC] (on-line)
[    3.896115] input: Power Button as /devices/LNXSYSTM:00/LNXPWRBN:00/input/input0
[    3.896115] ACPI: Power Button [PWRF]
[    3.896115] input: Sleep Button as /devices/LNXSYSTM:00/LNXSLPBN:00/input/input1
[    3.896115] ACPI: Sleep Button [SLPF]
[    4.013952] ACPI: Battery Slot [BAT0] (battery present)
[    4.024831] GHES: HEST is not enabled!
[    4.025077] Serial: 8250/16550 driver, 32 ports, IRQ sharing enabled
[    4.082171] 00:02: ttyS0 at I/O 0x3f8 (irq = 4, base_baud = 115200) is a 16550A
[    4.088735] Linux agpgart interface v0.103
[    4.128693] loop: module loaded
[    4.144409] scsi host0: ata_piix
[    4.156402] scsi host1: ata_piix
[    4.164386] ata1: PATA max UDMA/33 cmd 0x1f0 ctl 0x3f6 bmdma 0xd000 irq 14
[    4.178854] ata2: PATA max UDMA/33 cmd 0x170 ctl 0x376 bmdma 0xd008 irq 15
[    4.198019] libphy: Fixed MDIO Bus: probed
[    4.207744] tun: Universal TUN/TAP device driver, 1.6
[    4.218438] tun: (C) 1999-2004 Max Krasnyansky <maxk@qualcomm.com>
[    4.236215] PPP generic driver version 2.4.2
[    4.249165] ehci_hcd: USB 2.0 'Enhanced' Host Controller (EHCI) Driver
[    4.264671] ehci-pci: EHCI PCI platform driver
[    4.287744] ehci-platform: EHCI generic platform driver
[    4.306127] ohci_hcd: USB 1.1 'Open' Host Controller (OHCI) Driver
[    4.320520] ohci-pci: OHCI PCI platform driver
[    4.331746] ohci-platform: OHCI generic platform driver
[    4.343502] uhci_hcd: USB Universal Host Controller Interface driver
[    4.366097] i8042: PNP: PS/2 Controller [PNP0303:PS2K,PNP0f03:PS2M] at 0x60,0x64 irq 1,12
[    4.394338] serio: i8042 KBD port at 0x60,0x64 irq 1
[    4.406898] serio: i8042 AUX port at 0x60,0x64 irq 12
[    4.422595] mousedev: PS/2 mouse device common for all mice
[    4.438797] input: AT Translated Set 2 keyboard as /devices/platform/i8042/serio0/input/input2
[    4.459380] rtc_cmos rtc_cmos: rtc core: registered rtc_cmos as rtc0
[    4.478722] rtc_cmos rtc_cmos: alarms up to one day, 114 bytes nvram
[    4.497200] i2c /dev entries driver
[    4.504209] device-mapper: uevent: version 1.0.3
[    4.513568] device-mapper: ioctl: 4.34.0-ioctl (2015-10-28) initialised: dm-devel@redhat.com
[    4.532627] ledtrig-cpu: registered to indicate activity on CPUs
[    4.549178] NET: Registered protocol family 10
[    4.561310] NET: Registered protocol family 17
[    4.571723] Key type dns_resolver registered
[    4.582802] registered taskstats version 1
[    4.592528] Loading compiled-in X.509 certificates
[    4.605289] Loaded X.509 cert 'Build time autogenerated kernel key: cf00e047681d67edb2720680708b7d9498083038'
[    4.626765] zswap: loaded using pool lzo/zbud
[    4.645725] Key type trusted registered
[    4.673322] Key type encrypted registered
[    4.681210] AppArmor: AppArmor sha1 policy hashing enabled
[    4.691191] ima: No TPM chip found, activating TPM-bypass!
[    4.701010] ima: Allocated hash algorithm: sha1
[    4.710136] evm: HMAC attrs: 0x1
[    4.717644]   Magic number: 1:866:457
[    4.727101] rtc_cmos rtc_cmos: setting system clock to 2021-08-11 01:27:05 UTC (1628645225)
[    4.742249] BIOS EDD facility v0.16 2004-Jun-25, 0 devices found
[    4.753080] EDD information not available.
[    4.764057] Freeing unused kernel memory: 1492K
[    4.792508] Write protecting the kernel read-only data: 14336k
[    4.803271] Freeing unused kernel memory: 1584K
[    4.811222] Freeing unused kernel memory: 52K
Loading, please wait...
starting version 229
[    4.863632] random: systemd-udevd: uninitialized urandom read (16 bytes read, 6 bits of entropy available)
[    4.864631] random: udevadm: uninitialized urandom read (16 bytes read, 6 bits of entropy available)
[    4.864667] random: udevadm: uninitialized urandom read (16 bytes read, 6 bits of entropy available)
[    4.894692] random: udevadm: uninitialized urandom read (16 bytes read, 6 bits of entropy available)
[    4.894741] random: udevadm: uninitialized urandom read (16 bytes read, 6 bits of entropy available)
[    4.894972] random: udevadm: uninitialized urandom read (16 bytes read, 6 bits of entropy available)
[    4.895107] random: udevadm: uninitialized urandom read (16 bytes read, 6 bits of entropy available)
[    4.895174] random: udevadm: uninitialized urandom read (16 bytes read, 6 bits of entropy available)
[    4.895279] random: udevadm: uninitialized urandom read (16 bytes read, 6 bits of entropy available)
[    4.895343] random: udevadm: uninitialized urandom read (16 bytes read, 6 bits of entropy available)
[    5.113528] e1000: Intel(R) PRO/1000 Network Driver - version 7.3.21-k8-NAPI
[    5.130088] e1000: Copyright (c) 1999-2006 Intel Corporation.
[    5.145004] Fusion MPT base driver 3.04.20
[    5.156673] Copyright (c) 1999-2008 LSI Corporation
[    5.241969] Fusion MPT SPI Host driver 3.04.20
[    5.710435] input: ImExPS/2 Generic Explorer Mouse as /devices/platform/i8042/serio1/input/input4
[    6.762306] e1000 0000:00:03.0 eth0: (PCI:33MHz:32-bit) 02:a0:46:b5:71:eb
[    6.773448] e1000 0000:00:03.0 eth0: Intel(R) PRO/1000 Network Connection
[    6.787881] mptbase: ioc0: Initiating bringup
[    7.521167] ioc0: LSI53C1030 A0: Capabilities={Initiator}
[    7.880390] scsi host2: ioc0: LSI53C1030 A0, FwRev=00000000h, Ports=1, MaxQ=256, IRQ=20
[    8.045697] scsi 2:0:0:0: Direct-Access     VBOX     HARDDISK         1.0  PQ: 0 ANSI: 5
[    8.061970] scsi target2:0:0: Beginning Domain Validation
[    8.087718] scsi target2:0:0: Domain Validation skipping write tests
[    8.101760] scsi target2:0:0: Ending Domain Validation
[    8.114754] scsi target2:0:0: asynchronous
[    8.129226] scsi 2:0:1:0: Direct-Access     VBOX     HARDDISK         1.0  PQ: 0 ANSI: 5
[    8.146533] scsi target2:0:1: Beginning Domain Validation
[    8.170688] scsi target2:0:1: Domain Validation skipping write tests
[    8.183754] scsi target2:0:1: Ending Domain Validation
[    8.195420] scsi target2:0:1: asynchronous
[    8.257705] sd 2:0:0:0: Attached scsi generic sg0 type 0
[    8.270485] sd 2:0:1:0: Attached scsi generic sg1 type 0
[    8.284824] sd 2:0:0:0: [sda] 83886080 512-byte logical blocks: (42.9 GB/40.0 GiB)
[    8.312849] sd 2:0:1:0: [sdb] 20480 512-byte logical blocks: (10.5 MB/10.0 MiB)
[    8.346545] sd 2:0:0:0: [sda] Write Protect is off
[    8.359935] sd 2:0:1:0: [sdb] Write Protect is off
[    8.370222] sd 2:0:0:0: [sda] Incomplete mode parameter data
[    8.382502] sd 2:0:0:0: [sda] Assuming drive cache: write through
[    8.401832] sd 2:0:1:0: [sdb] Incomplete mode parameter data
[    8.414829] sd 2:0:1:0: [sdb] Assuming drive cache: write through
[    8.437451]  sda: sda1
[    8.460876] sd 2:0:1:0: [sdb] Attached SCSI disk
[    8.473435] sd 2:0:0:0: [sda] Attached SCSI disk
[    9.281120] e1000 0000:00:08.0 eth1: (PCI:33MHz:32-bit) 08:00:27:2a:93:b6
[    9.290200] e1000 0000:00:08.0 eth1: Intel(R) PRO/1000 Network Connection
[    9.306024] e1000 0000:00:08.0 enp0s8: renamed from eth1
[    9.329434] e1000 0000:00:03.0 enp0s3: renamed from eth0
Begin: Loading essential drivers ... [   11.334915] md: linear personality registered for level -1
[   11.349855] md: multipath personality registered for level -4
[   11.363666] md: raid0 personality registered for level 0
[   11.391871] md: raid1 personality registered for level 1
[   11.476185] raid6: sse2x1   gen()  5635 MB/s
[   11.548796] raid6: sse2x1   xor()  3819 MB/s
[   11.620960] raid6: sse2x2   gen()  7430 MB/s
[   11.692123] raid6: sse2x2   xor()  4831 MB/s
[   11.764395] raid6: sse2x4   gen()  8123 MB/s
[   11.837313] raid6: sse2x4   xor()  5334 MB/s
[   11.843189] raid6: using algorithm sse2x4 gen() 8123 MB/s
[   11.850107] raid6: .... xor() 5334 MB/s, rmw enabled
[   11.856095] raid6: using ssse3x2 recovery algorithm
[   11.866355] xor: measuring software checksum speed
[   16.990919]    prefetch64-sse: -1394057.-296 MB/sec
[   17.105502]    generic_sse: 31391.000 MB/sec
[   17.111096] xor: using function: generic_sse (31391.000 MB/sec)
[   17.122141] async_tx: api initialized (async)
[   17.183560] md: raid6 personality registered for level 6
[   17.191429] md: raid5 personality registered for level 5
[   17.198071] md: raid4 personality registered for level 4
[   17.232172] md: raid10 personality registered for level 10
done.
Begin: Running /scripts/init-premount ... done.
Begin: Mounting root file system ... Begin: Running /scripts/local-top ... done.
Begin: Running /scripts/local-premount ... [   17.353959] Btrfs loaded
Scanning for Btrfs filesystems
done.
Warning: fsck not present, so skipping root file system
[   17.433783] EXT4-fs (sda1): mounted filesystem with ordered data mode. Opts: (null)
done.
Begin: Running /scripts/local-bottom ... done.
Begin: Running /scripts/init-bottom ... done.
[   17.691308] systemd[1]: systemd 229 running in system mode. (+PAM +AUDIT +SELINUX +IMA +APPARMOR +SMACK +SYSVINIT +UTMP +LIBCRYPTSETUP +GCRYPT +GNUTLS +ACL +XZ -LZ4 +SECCOMP +BLKID +ELFUTILS +KMOD -IDN)
[   17.714374] systemd[1]: Detected virtualization oracle.
[   17.721623] systemd[1]: Detected architecture x86-64.

Welcome to [1mUbuntu 16.04.7 LTS[0m!

[   17.746882] systemd[1]: Set hostname to <ubuntu>.
[   17.764680] systemd[1]: Initializing machine ID from random generator.
[   17.773945] systemd[1]: Installed transient /etc/machine-id file.
[   18.050969] systemd[1]: Reached target Encrypted Volumes.
[[0;32m  OK  [0m] Reached target Encrypted Volumes.
[   18.065449] systemd[1]: Listening on Device-mapper event daemon FIFOs.
[[0;32m  OK  [0m] Listening on Device-mapper event daemon FIFOs.
[   18.082538] systemd[1]: Listening on LVM2 metadata daemon socket.
[[0;32m  OK  [0m] Listening on LVM2 metadata daemon socket.
[   18.097944] systemd[1]: Created slice System Slice.
[[0;32m  OK  [0m] Created slice System Slice.
[   18.112695] systemd[1]: Started Forward Password Requests to Wall Directory Watch.
[[0;32m  OK  [0m] Started Forward Password Requests to Wall Directory Watch.
[   18.130880] systemd[1]: Created slice system-serial\x2dgetty.slice.
[[0;32m  OK  [0m] Created slice system-serial\x2dgetty.slice.
[   18.146026] systemd[1]: Listening on /dev/initctl Compatibility Named Pipe.
[[0;32m  OK  [0m] Listening on /dev/initctl Compatibility Named Pipe.
[   18.161820] systemd[1]: Reached target System Time Synchronized.
[[0;32m  OK  [0m] Reached target System Time Synchronized.
[   18.177014] systemd[1]: Reached target Swap.
[[0;32m  OK  [0m] Reached target Swap.
[   18.190077] systemd[1]: Started Trigger resolvconf update for networkd DNS.
[[0;32m  OK  [0m] Started Trigger resolvconf update for networkd DNS.
[   18.206302] systemd[1]: Listening on udev Control Socket.
[[0;32m  OK  [0m] Listening on udev Control Socket.
[   18.220397] systemd[1]: Listening on Journal Audit Socket.
[[0;32m  OK  [0m] Listening on Journal Audit Socket.
[   18.233583] systemd[1]: Listening on Journal Socket (/dev/log).
[[0;32m  OK  [0m] Listening on Journal Socket (/dev/log).
[   18.249229] systemd[1]: Listening on Syslog Socket.
[[0;32m  OK  [0m] Listening on Syslog Socket.
[   18.263229] systemd[1]: Created slice User and Session Slice.
[[0;32m  OK  [0m] Created slice User and Session Slice.
[   18.278306] systemd[1]: Reached target Slices.
[[0;32m  OK  [0m] Reached target Slices.
[   18.290660] systemd[1]: Listening on fsck to fsckd communication Socket.
[[0;32m  OK  [0m] Listening on fsck to fsckd communication Socket.
[   18.308793] systemd[1]: Listening on udev Kernel Socket.
[[0;32m  OK  [0m] Listening on udev Kernel Socket.
[   18.322328] systemd[1]: Listening on LVM2 poll daemon socket.
[[0;32m  OK  [0m] Listening on LVM2 poll daemon socket.
[   18.337440] systemd[1]: Reached target User and Group Name Lookups.
[[0;32m  OK  [0m] Reached target User and Group Name Lookups.
[   18.354148] systemd[1]: Set up automount Arbitrary Executable File Formats File System Automount Point.
[[0;32m  OK  [0m] Set up automount Arbitrary Executab...ats File System Automount Point.
[   18.374494] systemd[1]: Listening on Journal Socket.
[[0;32m  OK  [0m] Listening on Journal Socket.
[   18.400558] systemd[1]: Starting Set console keymap...
         Starting Set console keymap...
[   18.418869] systemd[1]: Starting Load Kernel Modules...
         Starting Load Kernel Modules...
[   18.442223] systemd[1]: Mounting Debug File System...
         Mounting Debug File System...
[   18.459061] Loading iSCSI transport class v2.0-870.
[   18.462770] systemd[1]: Starting Create list of required static device nodes for the current kernel...
         Starting Create list of required st... nodes for the current kernel...
[   18.499941] systemd[1]: Starting Monitoring of LVM2 mirrors, snapshots etc. using dmeventd or progress polling...
         Starting Monitoring of LVM2 mirrors... dmeventd or progress polling...
[   18.532368] iscsi: registered transport (tcp)
[   18.554456] systemd[1]: Starting Nameserver information manager...
[   18.564630] random: nonblocking pool is initialized
         Starting Nameserver information manager...
[   18.593196] systemd[1]: Starting Journal Service...
         Starting Journal Service...
[   18.625428] systemd[1]: Mounting Huge Pages File System...
         Mounting Huge Pages File System...
[   18.648398] systemd[1]: Starting Uncomplicated firewall...
         Starting Uncomplicated firewall...
[   18.677843] systemd[1]: Mounting POSIX Message Queue File System...
         Mounting POSIX Message Queue File System...
[   18.711198] systemd[1]: Starting File System Check on Root Device...
         Starting File System Check on Root Device...
[   18.765564] systemd[1]: Mounted POSIX Message Queue File System.
[   18.775806] iscsi: registered transport (iser)
[[0;32m  OK  [0m] Mounted POSIX Message Queue File System.
[   18.798402] systemd[1]: Mounted Huge Pages File System.
[[0;32m  OK  [0m] Mounted Huge Pages File System.
[   18.814511] systemd[1]: Mounted Debug File System.
[[0;32m  OK  [0m] Mounted Debug File System.
[   18.830140] systemd[1]: Started Journal Service.
[[0;32m  OK  [0m] Started Journal Service.
[[0;32m  OK  [0m] Started Set console keymap.
[[0;32m  OK  [0m] Started Load Kernel Modules.
[[0;32m  OK  [0m] Started Create list of required sta...ce nodes for the current kernel.
[[0;32m  OK  [0m] Started Uncomplicated firewall.
[[0;32m  OK  [0m] Started File System Check on Root Device.
[[0;32m  OK  [0m] Started Nameserver information manager.
[[0;32m  OK  [0m] Started LVM2 metadata daemon.
[[0;32m  OK  [0m] Started File System Check Daemon to report status.
         Starting Remount Root and Kernel File Systems...
         Starting Create Static Device Nodes in /dev...
[   18.996582] EXT4-fs (sda1): re-mounted. Opts: (null)
         Starting Apply Kernel Variables...
         Mounting FUSE Control File System...
[[0;32m  OK  [0m] Started Remount Root and Kernel File Systems.
[[0;32m  OK  [0m] Started Apply Kernel Variables.
[[0;32m  OK  [0m] Started Create Static Device Nodes in /dev.
[[0;32m  OK  [0m] Mounted FUSE Control File System.
         Starting udev Kernel Device Manager...
         Starting udev Coldplug all Devices...
         Starting Flush Journal to Persistent Storage...
         Starting Load/Save Random Seed...
[[0;32m  OK  [0m] Started Monitoring of LVM2 mirrors,...ng dmeventd or progress polling.
[[0;32m  OK  [0m] Reached target Local File Systems (Pre).
[[0;32m  OK  [0m] Reached target Local File Systems.
         Starting LSB: AppArmor initialization...
         Starting Commit a transient machine-id on disk...
         Starting Initial cloud-init job (pre-networking)...
         Starting Set console font and keymap...
         Starting Tell Plymouth To Write Out Runtime Data...
[[0;32m  OK  [0m] Started udev Kernel Device Manager.
[[0;32m  OK  [0m] Started Load/Save Random Seed.
[[0;32m  OK  [0m] Started Commit a transient machine-id on disk.
[[0;32m  OK  [0m] Started Tell Plymouth To Write Out Runtime Data.
[[0;32m  OK  [0m] Started Flush Journal to Persistent Storage.
         Starting Create Volatile Files and Directories...
[[0;32m  OK  [0m] Started Create Volatile Files and Directories.
         Starting Update UTMP about System Boot/Shutdown...
[[0;32m  OK  [0m] Started Update UTMP about System Boot/Shutdown.
[[0;32m  OK  [0m] Started udev Coldplug all Devices.
[[0;32m  OK  [0m] Started Dispatch Password Requests to Console Directory Watch.
[[0;32m  OK  [0m] Found device /dev/ttyS0.
[[0;32m  OK  [0m] Listening on Load/Save RF Kill Switch Status /dev/rfkill Watch.
[[0;32m  OK  [0m] Started Set console font and keymap.
[[0;32m  OK  [0m] Started LSB: AppArmor initialization.
[   23.427775] cloud-init[468]: Cloud-init v. 21.1-19-gbad84ad4-0ubuntu1~16.04.2 running 'init-local' at Wed, 11 Aug 2021 01:27:23 +0000. Up 22.55 seconds.
         Starting Load AppArmor profiles managed internally by snapd...
[[0;32m  OK  [0m] Created slice system-getty.slice.
[[0;32m  OK  [0m] Started Initial cloud-init job (pre-networking).
[[0;32m  OK  [0m] Reached target Network (Pre).
         Starting Raise network interfaces...
[[0;32m  OK  [0m] Started Load AppArmor profiles managed internally by snapd.
[[0;32m  OK  [0m] Started Raise network interfaces.
         Starting Initial cloud-init job (metadata service crawler)...
[[0;32m  OK  [0m] Reached target Network.
[   25.753445] cloud-init[933]: Cloud-init v. 21.1-19-gbad84ad4-0ubuntu1~16.04.2 running 'init' at Wed, 11 Aug 2021 01:27:25 +0000. Up 24.82 seconds.
[   25.762365] cloud-init[933]: ci-info: ++++++++++++++++++++++++++++++++++++++Net device info+++++++++++++++++++++++++++++++++++++++
[   25.770952] cloud-init[933]: ci-info: +--------+-------+----------------------------+---------------+--------+-------------------+
[   25.779143] cloud-init[933]: ci-info: | Device |   Up  |          Address           |      Mask     | Scope  |     Hw-Address    |
[   25.787553] cloud-init[933]: ci-info: +--------+-------+----------------------------+---------------+--------+-------------------+
[   25.795423] cloud-init[933]: ci-info: | enp0s3 |  True |         10.0.2.15          | 255.255.255.0 | global | 02:a0:46:b5:71:eb |
[   25.804706] cloud-init[933]: ci-info: | enp0s3 |  True | fe80::a0:46ff:feb5:71eb/64 |       .       |  link  | 02:a0:46:b5:71:eb |
[   25.813005] cloud-init[933]: ci-info: | enp0s8 | False |             .              |       .       |   .    | 08:00:27:2a:93:b6 |
[   25.821513] cloud-init[933]: ci-info: |   lo   |  True |         127.0.0.1          |   255.0.0.0   |  host  |         .         |
[   25.829775] cloud-init[933]: ci-info: |   lo   |  True |          ::1/128           |       .       |  host  |         .         |
[   25.838434] cloud-init[933]: ci-info: +--------+-------+----------------------------+---------------+--------+-------------------+
[   25.845970] cloud-init[933]: ci-info: +++++++++++++++++++++++++++Route IPv4 info++++++++++++++++++++++++++++
[   25.853510] cloud-init[933]: ci-info: +-------+-------------+----------+---------------+-----------+-------+
[   25.861352] cloud-init[933]: ci-info: | Route | Destination | Gateway  |    Genmask    | Interface | Flags |
[   25.869850] cloud-init[933]: ci-info: +-------+-------------+----------+---------------+-----------+-------+
[   25.876956] cloud-init[933]: ci-info: |   0   |   0.0.0.0   | 10.0.2.2 |    0.0.0.0    |   enp0s3  |   UG  |
[   25.885244] cloud-init[933]: ci-info: |   1   |   10.0.2.0  | 0.0.0.0  | 255.255.255.0 |   enp0s3  |   U   |
[   25.893454] cloud-init[933]: ci-info: +-------+-------------+----------+---------------+-----------+-------+
[   25.901312] cloud-init[933]: ci-info: +++++++++++++++++++Route IPv6 info+++++++++++++++++++
[   25.908050] cloud-init[933]: ci-info: +-------+-------------+---------+-----------+-------+
[   25.915510] cloud-init[933]: ci-info: | Route | Destination | Gateway | Interface | Flags |
[   25.925247] cloud-init[933]: ci-info: +-------+-------------+---------+-----------+-------+
[   25.933135] cloud-init[933]: ci-info: |   0   |  fe80::/64  |    ::   |   enp0s3  |   U   |
[   25.939794] cloud-init[933]: ci-info: |   3   |   ff00::/8  |    ::   |   enp0s3  |   U   |
[   25.947826] cloud-init[933]: ci-info: +-------+-------------+---------+-----------+-------+
[   25.957728] cloud-init[933]: Generating public/private rsa key pair.
[   25.963600] cloud-init[933]: Your identification has been saved in /etc/ssh/ssh_host_rsa_key.
[   25.970987] cloud-init[933]: Your public key has been saved in /etc/ssh/ssh_host_rsa_key.pub.
[   25.977651] cloud-init[933]: The key fingerprint is:
[   25.982451] cloud-init[933]: SHA256:9yhgkcmNOmvnLz6lgGKuJ6R6CR1yOZNoNI9PJJaa3IA root@ubuntu-xenial
[[0;32m  OK  [0m] Started Initial cloud-init job (metadata service crawler).
[[   25.994209] cloud-init[933]: The key's randomart image is:
[   26.000840] cloud-init[933]: +---[RSA 2048]----+
[   26.001684] cloud-init[933]: |. .              |
[   26.002350] cloud-init[933]: |EB . . =         |
[   26.002839] cloud-init[933]: |=oOo  * .        |
[   26.003385] cloud-init[933]: |=+B+ . .         |
[0;32m  OK  [0m] Reached target Network is Online.
[   26.003862] cloud-init[933]: |.+o=o o S .      |
[   26.017582] cloud-init[933]: |ooo..+ ... o     |
[   26.022971] cloud-init[933]: |=o .o..o. . .    |
         Starting iSCSI initiator daemon (iscsid)...
[[0;32m  OK  [0m] Reached target System Initialization.
[[0;32m  OK  [0m] Started Daily Cleanup of Temporary Directories.
[   26.027431] cloud-init[933]: |o.+. o+  .       |
[   26.039811] [[0;32m  OK  [0m] Started ACPI Events Check.
[[0;32m  OK  [0m] Reached target Paths.
[[0;32m  OK  [0m] Started Ubuntu Advantage update messaging.
[[0;32m  OK  [0m] Listening on ACPID Listen Socket.
[[0;32m  OK  [0m] Listening on UUID daemon activation socket.
[[0;32m  OK  [0m] Started Daily apt download activities.
[[0;32m  OK  [0m] Started Message of the Day.
[[0;32m  OK  [0m] Listening on D-Bus System Message Bus Socket.
[[0;32m  OK  [0m] Started Daily apt upgrade and clean activities.
[[0;32m  OK  [0m] Reached target Timers.
         Starting Socket activation for snappy daemon.
cloud-init[933]:          Starting LXD - unix socket.
[[0;32m  OK  [0m] Reached target Cloud-config availability.
[[0;32m  OK  [0m] Listening on Socket activation for snappy daemon.
|=+   .o+.        |
[[0;32m  OK  [0m] Listening on LXD - unix socket.
[[   26.082469] cloud-init[933]: +----[SHA256]-----+
[   26.089715] cloud-init[933]: Generating public/private dsa key pair.
[   26.089814] cloud-init[933]: Your identification has been saved in /etc/ssh/ssh_host_dsa_key.
[   26.089882] cloud-init[933]: Your public key has been saved in /etc/ssh/ssh_host_dsa_key.pub.
[   26.089946] cloud-init[933]: The key fingerprint is:
[   26.090010] cloud-init[933]: SHA256:qg+gKCmWfihkCAj0sO6i9+Z93OV3CUakG51Fmtaa4ks root@ubuntu-xenial
[   26.090075] cloud-init[933]: The key's randomart image is:
[   26.090982] cloud-init[933]: +---[DSA 1024]----+
[0;32m  OK  [0m] Reached target Sockets.
[[0;32m  OK  [0m] Reached target Basic System.
[   26.091647] cloud-init[933]: |.o            .. |
[   26.127711] cloud-init[933]: |. +          .+. |
[   26.134386] cloud-init[933]: |o. .        ++o. |
[   26.149360] [[0;32m  OK  [0m] Started FUSE filesystem for LXC.
[[0;32m  OK  [0m] Started Deferred execution scheduler.
         Starting /etc/rc.local Compatibility...
         Starting LSB: Record successful boot for GRUB...
         Starting LSB: MD monitoring daemon...
[[0;32m  OK  [0m] Started Regular background program processing daemon.
         Starting System Logging Service...
         Starting Pollinate to seed the pseudo random number generator...
         Starting Login Service...
[[0;32m  OK  [0m] Started D-Bus System Message Bus.
cloud-init[933]: |+          o.+o  |
[   26.259001] cloud-init[933]: |o..     S  .+o   |
[   26.273558] cloud-init[933]: |+=..   .  ..oo   |
[   26.299792] cloud-init[933]: |X+. . .. . E. . .|
[   26.334667] cloud-init[933]: |O....+  o o o ...|
[   26.417423] cloud-init[933]: |oo.++.o.   . . . |
[   26.430158] cloud-init[933]: +----[SHA256]-----+[[0;32m  OK  [0m] Started ACPI event daemon.
         Starting Virtualbox guest utils...

[   26.476841]          Starting Accounts Service...
cloud-init[933]: Generating public/private ecdsa key pair.
[   26.576917] cloud-init[933]:          Starting Snap Daemon...
         Starting LXD - container startup/shutdown...
[[0;32m  OK  [0m] Started System Logging Service.
[[0;32m  OK  [0m] Started /etc/rc.local Compatibility.
Your identification has been saved in /etc/ssh/ssh_host_ecdsa_key.
[[0;32m  OK  [0m] Started Login Service.
[   26.702297] cloud-init[[0;32m  OK  [0m] Started Unattended Upgrades Shutdown.
[[0;32m  OK  [0m] Started iSCSI initiator daemon (iscsid).
         Starting Login to default iSCSI targets...
[933]: Your public key has been saved in /etc/ssh/ssh_host_ecdsa_key.pub.
[[0;32m  OK  [0m] Started Login to default iSCSI targets.
[[0;32m  OK  [0m] Reached target Remote File Systems (Pre).
[[0;32m  OK  [0m] Reached target Remote File Systems.
         Starting Permit User Sessions...
         Starting LSB: automatic crash report generation...
         Starting LSB: daemon to balance interrupts for SMP systems...
         Starting LSB: Set the CPU Frequency Scaling governor to "ondemand"...
[   26.854340] cloud-init[933]: The key fingerprint is:[[0;32m  OK  [0m] Started Permit User Sessions.
         Starting Hold until boot process finishes up...
         Starting Terminate Plymouth Boot Screen...

[[0;32m  OK  [0m] Started Hold until boot process finishes up.
[[0;32m  OK  [0m] Started Serial Getty on ttyS0.
[[0;32m  OK  [0m] Started Getty on tty1.
[[0;32m  OK  [0m] Reached target Login Prompts.
         Starting Set console scheme...
[[0;32m  OK  [0m] Started Terminate Plymouth Boot Screen.
[   27.119237] [[0;32m  OK  [0m] Started Set console scheme.
[[0;32m  OK  [0m] Started LSB: MD monitoring daemon.
cloud-init[933]: [[0;32m  OK  [0m] Started LSB: Record successful boot for GRUB.
SHA256:ZXDG4VC1JKFkTotdh3BbpO41Bg8C3pQ5+UBLl2f7FRQ root@ubuntu-xenial
[   27.349280] cloud-init[933]:          Starting Authenticate and Authorize Users to Run Privileged Tasks...
The key's randomart image is:
[   27.480714] [[0;32m  OK  [0m] Started LSB: Set the CPU Frequency Scaling governor to "ondemand".
cloud-init[[0;32m  OK  [0m] Started LSB: daemon to balance interrupts for SMP systems.
[933]: [[0;32m  OK  [0m] Started LXD - container startup/shutdown.
+---[ECDSA 256]---+
[   27.563753] cloud-init[933]: [[0;32m  OK  [0m] Started Authenticate and Authorize Users to Run Privileged Tasks.
|      ..@B@B* .E.|
[[0;32m  OK  [0m] Started Accounts Service.
[   27.606569] cloud-init[933]: |     . %*&+Bo. . |
[[0;32m  OK  [0m] Started LSB: automatic crash report generation.
[   27.647589] cloud-init[933]: |      o O+Oo..  .|
[   27.705295] cloud-init[933]: |         =.+.   .|
[   27.723005] cloud-init[933]: |        S . =. . |
[   27.733614] cloud-init[933]: |         . o ..  |
[[0;32m  OK  [0m] Started Virtualbox guest utils.
[   27.765491] cloud-init[933]: |          .      |
[   27.789106] cloud-init[933]: |                 |
[   27.800373] cloud-init[933]: |                 |
[   27.811545] cloud-init[933]: +----[SHA256]-----+
[   27.818937] cloud-init[933]: Generating public/private ed25519 key pair.
[   27.829213] cloud-init[933]: Your identification has been saved in /etc/ssh/ssh_host_ed25519_key.
[   27.841843] cloud-init[933]: Your public key has been saved in /etc/ssh/ssh_host_ed25519_key.pub.
[   27.869147] cloud-init[933]: The key fingerprint is:
[   27.884729] cloud-init[933]: SHA256:J+mlsyxZUZAzfpqh2GVIV/FmhwEoRLsuxR61CEDmL1g root@ubuntu-xenial
[   27.923895] cloud-init[933]: The key's randomart image is:
[   27.943663] cloud-init[933]: +--[ED25519 256]--+
[   27.955241] cloud-init[933]: | .+  oo .=+o.    |
[   27.970226] cloud-init[933]: | o .  o.* .. o   |
[   28.011809] cloud-init[933]: |  E ...=.+  = .  |
[   28.036980] cloud-init[933]: | o . o.+*o.o .   |
[   28.049091] cloud-init[933]: |. . .o*+S*o      |
[   28.055410] cloud-init[933]: |   ..+oo+=       |
[   28.063629] cloud-init[933]: |    . oo+        |
[   28.077205] cloud-init[933]: |     .o. o       |
[   28.085615] cloud-init[933]: |       .o        |
[   28.099255] cloud-init[933]: +----[SHA256]-----+
[[0;32m  OK  [0m] Started Snap Daemon.
         Starting Wait until snapd is fully seeded...
[[0;32m  OK  [0m] Started Pollinate to seed the pseudo random number generator.
         Starting OpenBSD Secure Shell server...
[[0;32m  OK  [0m] Started OpenBSD Secure Shell server.
[[0;32m  OK  [0m] Created slice User Slice of vagrant.
         Starting User Manager for UID 1000...
[[0;32m  OK  [0m] Started Session 1 of user vagrant.
[[0;32m  OK  [0m] Started User Manager for UID 1000.

Ubuntu 16.04.7 LTS ubuntu-xenial ttyS0

ubuntu-xenial login: [   42.151166] cloud-init[1845]: Generating locales (this might take a while)...
[   45.042231] cloud-init[1845]:   en_US.UTF-8... done
[   45.045050] cloud-init[1845]: Generation complete.
[   45.901649] cloud-init[1845]: Cloud-init v. 21.1-19-gbad84ad4-0ubuntu1~16.04.2 running 'modules:config' at Wed, 11 Aug 2021 01:27:42 +0000. Up 41.74 seconds.
ci-info: no authorized SSH keys fingerprints found for user ubuntu.
<14>Aug 11 01:27:48 ec2: 
<14>Aug 11 01:27:48 ec2: #############################################################
<14>Aug 11 01:27:48 ec2: -----BEGIN SSH HOST KEY FINGERPRINTS-----
<14>Aug 11 01:27:48 ec2: 1024 SHA256:qg+gKCmWfihkCAj0sO6i9+Z93OV3CUakG51Fmtaa4ks root@ubuntu-xenial (DSA)
<14>Aug 11 01:27:48 ec2: 256 SHA256:ZXDG4VC1JKFkTotdh3BbpO41Bg8C3pQ5+UBLl2f7FRQ root@ubuntu-xenial (ECDSA)
<14>Aug 11 01:27:48 ec2: 256 SHA256:J+mlsyxZUZAzfpqh2GVIV/FmhwEoRLsuxR61CEDmL1g root@ubuntu-xenial (ED25519)
<14>Aug 11 01:27:48 ec2: 2048 SHA256:9yhgkcmNOmvnLz6lgGKuJ6R6CR1yOZNoNI9PJJaa3IA root@ubuntu-xenial (RSA)
<14>Aug 11 01:27:48 ec2: -----END SSH HOST KEY FINGERPRINTS-----
<14>Aug 11 01:27:48 ec2: #############################################################
-----BEGIN SSH HOST KEY KEYS-----
ecdsa-sha2-nistp256 AAAAE2VjZHNhLXNoYTItbmlzdHAyNTYAAAAIbmlzdHAyNTYAAABBBEmYVbxQN5YrxKhKyevDLP8KBUb009Lcwv3y4e+w0Juw8y8iByx2rpYiOu/5F6Ndr9aVwIzzuPuFDu1vBKk6TlA= root@ubuntu-xenial
ssh-ed25519 AAAAC3NzaC1lZDI1NTE5AAAAIDMxHqwDWj7yJKf0aU+WJ/ckZfsiZkf+mxX342wj1BZx root@ubuntu-xenial
ssh-rsa AAAAB3NzaC1yc2EAAAADAQABAAABAQC6JCT63YLJNT8jDO8t7gyp+idrEcKt/+Ahx6w+dDctUzewEy9lUkUZsoDQpa+nz0KXcUE8upl9jjDSMLp46Sy4AvnufAv1BC9qN5mqUA3+binWhxQlCJ3oRmJMrdfIPsUF6pIWz0c4wcz0yT57DGvbfu3m6H8Mr9usp/hRdnR+9CizwWZWHJ7XmVyhjQ8UthtUeNhdRBG/oVprA99+vvetp/AENUcQOnR2NVr+m9xiy9kLzlJ8lFGJy4aEvWHMK5VFlsj2GiDRYGEBTY1AMkkI4bL2pQKCVwz6OIFN3If8EMYkS3l67JDYej+MDEbcfIuuYWV2280C0DwUoX7sl6pj root@ubuntu-xenial
-----END SSH HOST KEY KEYS-----
[   47.354328] cloud-init[2117]: Cloud-init v. 21.1-19-gbad84ad4-0ubuntu1~16.04.2 running 'modules:final' at Wed, 11 Aug 2021 01:27:47 +0000. Up 46.98 seconds.
[   47.354991] cloud-init[2117]: ci-info: no authorized SSH keys fingerprints found for user ubuntu.
[   47.355691] cloud-init[2117]: Cloud-init v. 21.1-19-gbad84ad4-0ubuntu1~16.04.2 finished at Wed, 11 Aug 2021 01:27:48 +0000. Datasource DataSourceNoCloud [seed=/dev/sdb][dsmode=net].  Up 47.33 seconds
